// Jest Snapshot v1, https://goo.gl/fbAQLP

exports[`Hero debe renderizarse el componente 1`] = `
Object {
  "asFragment": [Function],
  "baseElement": <body
    class="chakra-ui-light"
  >
    <div
      id="chakra-toast-portal"
    >
      <ul
        id="chakra-toast-manager-top"
        style="position: fixed; z-index: 5500; pointer-events: none; display: flex; flex-direction: column; margin: 0px auto;"
      />
      <ul
        id="chakra-toast-manager-top-left"
        style="position: fixed; z-index: 5500; pointer-events: none; display: flex; flex-direction: column;"
      />
      <ul
        id="chakra-toast-manager-top-right"
        style="position: fixed; z-index: 5500; pointer-events: none; display: flex; flex-direction: column;"
      />
      <ul
        id="chakra-toast-manager-bottom-left"
        style="position: fixed; z-index: 5500; pointer-events: none; display: flex; flex-direction: column;"
      />
      <ul
        id="chakra-toast-manager-bottom"
        style="position: fixed; z-index: 5500; pointer-events: none; display: flex; flex-direction: column; margin: 0px auto;"
      />
      <ul
        id="chakra-toast-manager-bottom-right"
        style="position: fixed; z-index: 5500; pointer-events: none; display: flex; flex-direction: column;"
      />
    </div>
    <div>
      <div
        class="containerHero"
      >
        <section
          class="blankSection"
        >
          <div
            class="infoHero"
          >
            <p
              class="chakra-text css-172wcbu"
            >
              TRABAJO
            </p>
            <p
              class="chakra-text heroMainMessage css-ol20ia"
            >
              Decubre hoy el mejor servicio para tu negocio
            </p>
            <div>
              <form>
                <div
                  class="chakra-form-control css-1kxonj9"
                  role="group"
                >
                  <label
                    class="chakra-form__label css-10m1y3x"
                    for="text"
                    id="text-label"
                  >
                    Busca el tema de tu inter√©s
                  </label>
                  <div
                    class="css-k008qs"
                  >
                    <ul
                      style="text-decoration: none; list-style: none;"
                    >
                      <li>
                        <div
                          class="chakra-input__group css-1ygfgic"
                        >
                          <div
                            class="chakra-input__left-element css-1cw84h2"
                          >
                            <svg
                              color="var(--primary)"
                              fill="none"
                              height="1em"
                              style="font-size: 15px;"
                              viewBox="0 0 16 16"
                              width="1em"
                              xmlns="http://www.w3.org/2000/svg"
                            >
                              <path
                                clip-rule="evenodd"
                                d="M10.47 9.88h.66l4.157 4.166-1.241 1.241-4.167-4.158v-.658l-.225-.234a5.392 5.392 0 01-3.525 1.309 5.416 5.416 0 115.417-5.417 5.392 5.392 0 01-1.309 3.525l.234.225zM2.38 6.13a3.745 3.745 0 003.75 3.75 3.745 3.745 0 003.75-3.75 3.745 3.745 0 00-3.75-3.75 3.745 3.745 0 00-3.75 3.75z"
                                fill="var(--primary)"
                                fill-opacity="0.54"
                                fill-rule="evenodd"
                              />
                            </svg>
                          </div>
                          <input
                            autocomplete="off"
                            class="chakra-input css-aqiwep"
                            id="text"
                            name="search"
                            placeholder="P. ej: Desarrollo web"
                            type="search"
                            value=""
                          />
                        </div>
                      </li>
                      
                    </ul>
                    <button
                      class="chakra-button css-xvfn2m"
                      type="submit"
                    >
                      Buscar
                    </button>
                  </div>
                </div>
              </form>
            </div>
          </div>
        </section>
        <section
          class="swiperSection"
        >
          <div
            class="swiper-container swiper-container-initialized swiper-container-horizontal mySwiper"
          >
            <div
              class="swiper-button-prev"
            />
            <div
              class="swiper-button-next"
            />
            <div
              class="swiper-wrapper"
              style="transition-duration: 0ms; transform: translate3d(NaNpx, 0px, 0px);"
            >
              <div
                class="swiper-slide swiper-slide-duplicate"
                data-swiper-slide-index="2"
              >
                <div
                  style="display: block; overflow: hidden; position: absolute; top: 0px; left: 0px; bottom: 0px; right: 0px; box-sizing: border-box; margin: 0px;"
                >
                  <noscript />
                  <img
                    alt="Picture of the author"
                    decoding="async"
                    src="data:image/gif;base64,R0lGODlhAQABAIAAAAAAAP///yH5BAEAAAAALAAAAAABAAEAAAIBRAA7"
                    style="position: absolute; top: 0px; left: 0px; bottom: 0px; right: 0px; box-sizing: border-box; padding: 0px; margin: auto; display: block; width: 0px; height: 0px; min-width: 100%; max-width: 100%; min-height: 100%; max-height: 100%; object-fit: cover;"
                  />
                </div>
              </div>
              <div
                class="swiper-slide slide-2"
                data-swiper-slide-index="0"
              >
                <div
                  style="display: block; overflow: hidden; position: absolute; top: 0px; left: 0px; bottom: 0px; right: 0px; box-sizing: border-box; margin: 0px;"
                >
                  <noscript />
                  <img
                    alt="Picture of the author"
                    decoding="async"
                    src="data:image/gif;base64,R0lGODlhAQABAIAAAAAAAP///yH5BAEAAAAALAAAAAABAAEAAAIBRAA7"
                    style="position: absolute; top: 0px; left: 0px; bottom: 0px; right: 0px; box-sizing: border-box; padding: 0px; margin: auto; display: block; width: 0px; height: 0px; min-width: 100%; max-width: 100%; min-height: 100%; max-height: 100%; object-fit: cover;"
                  />
                </div>
              </div>
              <div
                class="swiper-slide"
                data-swiper-slide-index="1"
              >
                <div
                  style="display: block; overflow: hidden; position: absolute; top: 0px; left: 0px; bottom: 0px; right: 0px; box-sizing: border-box; margin: 0px;"
                >
                  <noscript />
                  <img
                    alt="Picture of the author"
                    decoding="async"
                    src="data:image/gif;base64,R0lGODlhAQABAIAAAAAAAP///yH5BAEAAAAALAAAAAABAAEAAAIBRAA7"
                    style="position: absolute; top: 0px; left: 0px; bottom: 0px; right: 0px; box-sizing: border-box; padding: 0px; margin: auto; display: block; width: 0px; height: 0px; min-width: 100%; max-width: 100%; min-height: 100%; max-height: 100%; object-fit: cover;"
                  />
                </div>
              </div>
              <div
                class="swiper-slide"
                data-swiper-slide-index="2"
              >
                <div
                  style="display: block; overflow: hidden; position: absolute; top: 0px; left: 0px; bottom: 0px; right: 0px; box-sizing: border-box; margin: 0px;"
                >
                  <noscript />
                  <img
                    alt="Picture of the author"
                    decoding="async"
                    src="data:image/gif;base64,R0lGODlhAQABAIAAAAAAAP///yH5BAEAAAAALAAAAAABAAEAAAIBRAA7"
                    style="position: absolute; top: 0px; left: 0px; bottom: 0px; right: 0px; box-sizing: border-box; padding: 0px; margin: auto; display: block; width: 0px; height: 0px; min-width: 100%; max-width: 100%; min-height: 100%; max-height: 100%; object-fit: cover;"
                  />
                </div>
              </div>
              <div
                class="swiper-slide swiper-slide-duplicate slide-2"
                data-swiper-slide-index="0"
              >
                <div
                  style="display: block; overflow: hidden; position: absolute; top: 0px; left: 0px; bottom: 0px; right: 0px; box-sizing: border-box; margin: 0px;"
                >
                  <noscript />
                  <img
                    alt="Picture of the author"
                    decoding="async"
                    src="data:image/gif;base64,R0lGODlhAQABAIAAAAAAAP///yH5BAEAAAAALAAAAAABAAEAAAIBRAA7"
                    style="position: absolute; top: 0px; left: 0px; bottom: 0px; right: 0px; box-sizing: border-box; padding: 0px; margin: auto; display: block; width: 0px; height: 0px; min-width: 100%; max-width: 100%; min-height: 100%; max-height: 100%; object-fit: cover;"
                  />
                </div>
              </div>
            </div>
            ...
          </div>
        </section>
      </div>
    </div>
  </body>,
  "container": <div>
    <div
      class="containerHero"
    >
      <section
        class="blankSection"
      >
        <div
          class="infoHero"
        >
          <p
            class="chakra-text css-172wcbu"
          >
            TRABAJO
          </p>
          <p
            class="chakra-text heroMainMessage css-ol20ia"
          >
            Decubre hoy el mejor servicio para tu negocio
          </p>
          <div>
            <form>
              <div
                class="chakra-form-control css-1kxonj9"
                role="group"
              >
                <label
                  class="chakra-form__label css-10m1y3x"
                  for="text"
                  id="text-label"
                >
                  Busca el tema de tu inter√©s
                </label>
                <div
                  class="css-k008qs"
                >
                  <ul
                    style="text-decoration: none; list-style: none;"
                  >
                    <li>
                      <div
                        class="chakra-input__group css-1ygfgic"
                      >
                        <div
                          class="chakra-input__left-element css-1cw84h2"
                        >
                          <svg
                            color="var(--primary)"
                            fill="none"
                            height="1em"
                            style="font-size: 15px;"
                            viewBox="0 0 16 16"
                            width="1em"
                            xmlns="http://www.w3.org/2000/svg"
                          >
                            <path
                              clip-rule="evenodd"
                              d="M10.47 9.88h.66l4.157 4.166-1.241 1.241-4.167-4.158v-.658l-.225-.234a5.392 5.392 0 01-3.525 1.309 5.416 5.416 0 115.417-5.417 5.392 5.392 0 01-1.309 3.525l.234.225zM2.38 6.13a3.745 3.745 0 003.75 3.75 3.745 3.745 0 003.75-3.75 3.745 3.745 0 00-3.75-3.75 3.745 3.745 0 00-3.75 3.75z"
                              fill="var(--primary)"
                              fill-opacity="0.54"
                              fill-rule="evenodd"
                            />
                          </svg>
                        </div>
                        <input
                          autocomplete="off"
                          class="chakra-input css-aqiwep"
                          id="text"
                          name="search"
                          placeholder="P. ej: Desarrollo web"
                          type="search"
                          value=""
                        />
                      </div>
                    </li>
                    
                  </ul>
                  <button
                    class="chakra-button css-xvfn2m"
                    type="submit"
                  >
                    Buscar
                  </button>
                </div>
              </div>
            </form>
          </div>
        </div>
      </section>
      <section
        class="swiperSection"
      >
        <div
          class="swiper-container swiper-container-initialized swiper-container-horizontal mySwiper"
        >
          <div
            class="swiper-button-prev"
          />
          <div
            class="swiper-button-next"
          />
          <div
            class="swiper-wrapper"
            style="transition-duration: 0ms; transform: translate3d(NaNpx, 0px, 0px);"
          >
            <div
              class="swiper-slide swiper-slide-duplicate"
              data-swiper-slide-index="2"
            >
              <div
                style="display: block; overflow: hidden; position: absolute; top: 0px; left: 0px; bottom: 0px; right: 0px; box-sizing: border-box; margin: 0px;"
              >
                <noscript />
                <img
                  alt="Picture of the author"
                  decoding="async"
                  src="data:image/gif;base64,R0lGODlhAQABAIAAAAAAAP///yH5BAEAAAAALAAAAAABAAEAAAIBRAA7"
                  style="position: absolute; top: 0px; left: 0px; bottom: 0px; right: 0px; box-sizing: border-box; padding: 0px; margin: auto; display: block; width: 0px; height: 0px; min-width: 100%; max-width: 100%; min-height: 100%; max-height: 100%; object-fit: cover;"
                />
              </div>
            </div>
            <div
              class="swiper-slide slide-2"
              data-swiper-slide-index="0"
            >
              <div
                style="display: block; overflow: hidden; position: absolute; top: 0px; left: 0px; bottom: 0px; right: 0px; box-sizing: border-box; margin: 0px;"
              >
                <noscript />
                <img
                  alt="Picture of the author"
                  decoding="async"
                  src="data:image/gif;base64,R0lGODlhAQABAIAAAAAAAP///yH5BAEAAAAALAAAAAABAAEAAAIBRAA7"
                  style="position: absolute; top: 0px; left: 0px; bottom: 0px; right: 0px; box-sizing: border-box; padding: 0px; margin: auto; display: block; width: 0px; height: 0px; min-width: 100%; max-width: 100%; min-height: 100%; max-height: 100%; object-fit: cover;"
                />
              </div>
            </div>
            <div
              class="swiper-slide"
              data-swiper-slide-index="1"
            >
              <div
                style="display: block; overflow: hidden; position: absolute; top: 0px; left: 0px; bottom: 0px; right: 0px; box-sizing: border-box; margin: 0px;"
              >
                <noscript />
                <img
                  alt="Picture of the author"
                  decoding="async"
                  src="data:image/gif;base64,R0lGODlhAQABAIAAAAAAAP///yH5BAEAAAAALAAAAAABAAEAAAIBRAA7"
                  style="position: absolute; top: 0px; left: 0px; bottom: 0px; right: 0px; box-sizing: border-box; padding: 0px; margin: auto; display: block; width: 0px; height: 0px; min-width: 100%; max-width: 100%; min-height: 100%; max-height: 100%; object-fit: cover;"
                />
              </div>
            </div>
            <div
              class="swiper-slide"
              data-swiper-slide-index="2"
            >
              <div
                style="display: block; overflow: hidden; position: absolute; top: 0px; left: 0px; bottom: 0px; right: 0px; box-sizing: border-box; margin: 0px;"
              >
                <noscript />
                <img
                  alt="Picture of the author"
                  decoding="async"
                  src="data:image/gif;base64,R0lGODlhAQABAIAAAAAAAP///yH5BAEAAAAALAAAAAABAAEAAAIBRAA7"
                  style="position: absolute; top: 0px; left: 0px; bottom: 0px; right: 0px; box-sizing: border-box; padding: 0px; margin: auto; display: block; width: 0px; height: 0px; min-width: 100%; max-width: 100%; min-height: 100%; max-height: 100%; object-fit: cover;"
                />
              </div>
            </div>
            <div
              class="swiper-slide swiper-slide-duplicate slide-2"
              data-swiper-slide-index="0"
            >
              <div
                style="display: block; overflow: hidden; position: absolute; top: 0px; left: 0px; bottom: 0px; right: 0px; box-sizing: border-box; margin: 0px;"
              >
                <noscript />
                <img
                  alt="Picture of the author"
                  decoding="async"
                  src="data:image/gif;base64,R0lGODlhAQABAIAAAAAAAP///yH5BAEAAAAALAAAAAABAAEAAAIBRAA7"
                  style="position: absolute; top: 0px; left: 0px; bottom: 0px; right: 0px; box-sizing: border-box; padding: 0px; margin: auto; display: block; width: 0px; height: 0px; min-width: 100%; max-width: 100%; min-height: 100%; max-height: 100%; object-fit: cover;"
                />
              </div>
            </div>
          </div>
          ...
        </div>
      </section>
    </div>
  </div>,
  "debug": [Function],
  "findAllByAltText": [Function],
  "findAllByDisplayValue": [Function],
  "findAllByLabelText": [Function],
  "findAllByPlaceholderText": [Function],
  "findAllByRole": [Function],
  "findAllByTestId": [Function],
  "findAllByText": [Function],
  "findAllByTitle": [Function],
  "findByAltText": [Function],
  "findByDisplayValue": [Function],
  "findByLabelText": [Function],
  "findByPlaceholderText": [Function],
  "findByRole": [Function],
  "findByTestId": [Function],
  "findByText": [Function],
  "findByTitle": [Function],
  "getAllByAltText": [Function],
  "getAllByDisplayValue": [Function],
  "getAllByLabelText": [Function],
  "getAllByPlaceholderText": [Function],
  "getAllByRole": [Function],
  "getAllByTestId": [Function],
  "getAllByText": [Function],
  "getAllByTitle": [Function],
  "getByAltText": [Function],
  "getByDisplayValue": [Function],
  "getByLabelText": [Function],
  "getByPlaceholderText": [Function],
  "getByRole": [Function],
  "getByTestId": [Function],
  "getByText": [Function],
  "getByTitle": [Function],
  "queryAllByAltText": [Function],
  "queryAllByDisplayValue": [Function],
  "queryAllByLabelText": [Function],
  "queryAllByPlaceholderText": [Function],
  "queryAllByRole": [Function],
  "queryAllByTestId": [Function],
  "queryAllByText": [Function],
  "queryAllByTitle": [Function],
  "queryByAltText": [Function],
  "queryByDisplayValue": [Function],
  "queryByLabelText": [Function],
  "queryByPlaceholderText": [Function],
  "queryByRole": [Function],
  "queryByTestId": [Function],
  "queryByText": [Function],
  "queryByTitle": [Function],
  "rerender": [Function],
  "unmount": [Function],
}
`;
