// Jest Snapshot v1, https://goo.gl/fbAQLP

exports[`JoinUs debe renderizarse el componente 1`] = `
Object {
  "asFragment": [Function],
  "baseElement": <body
    class="chakra-ui-light"
  >
    <div
      id="chakra-toast-portal"
    >
      <ul
        id="chakra-toast-manager-top"
        style="position: fixed; z-index: 5500; pointer-events: none; display: flex; flex-direction: column; margin: 0px auto;"
      />
      <ul
        id="chakra-toast-manager-top-left"
        style="position: fixed; z-index: 5500; pointer-events: none; display: flex; flex-direction: column;"
      />
      <ul
        id="chakra-toast-manager-top-right"
        style="position: fixed; z-index: 5500; pointer-events: none; display: flex; flex-direction: column;"
      />
      <ul
        id="chakra-toast-manager-bottom-left"
        style="position: fixed; z-index: 5500; pointer-events: none; display: flex; flex-direction: column;"
      />
      <ul
        id="chakra-toast-manager-bottom"
        style="position: fixed; z-index: 5500; pointer-events: none; display: flex; flex-direction: column; margin: 0px auto;"
      />
      <ul
        id="chakra-toast-manager-bottom-right"
        style="position: fixed; z-index: 5500; pointer-events: none; display: flex; flex-direction: column;"
      />
    </div>
    <div>
      <div
        class="infoContainer"
      >
        <div
          class="infoWrapper"
        >
          <div
            class="infoRowInvert"
          >
            <div
              class="css-1i40juj"
            >
              <div
                style="display: inline-block; max-width: 100%; overflow: hidden; position: relative; box-sizing: border-box; margin: 0px;"
              >
                <div
                  style="box-sizing: border-box; display: block; max-width: 100%;"
                >
                  <img
                    alt=""
                    aria-hidden="true"
                    role="presentation"
                    src="data:image/svg+xml;base64,PHN2ZyB3aWR0aD0iNTAwIiBoZWlnaHQ9IjUwMCIgeG1sbnM9Imh0dHA6Ly93d3cudzMub3JnLzIwMDAvc3ZnIiB2ZXJzaW9uPSIxLjEiLz4="
                    style="max-width: 100%; display: block; margin: 0px; padding: 0px;"
                  />
                </div>
                <noscript />
                <img
                  alt="Reason"
                  decoding="async"
                  src="data:image/gif;base64,R0lGODlhAQABAIAAAAAAAP///yH5BAEAAAAALAAAAAABAAEAAAIBRAA7"
                  style="position: absolute; top: 0px; left: 0px; bottom: 0px; right: 0px; box-sizing: border-box; padding: 0px; margin: auto; display: block; width: 0px; height: 0px; min-width: 100%; max-width: 100%; min-height: 100%; max-height: 100%;"
                />
              </div>
            </div>
            <div
              class="css-1i40juj"
            >
              <div
                class="css-1h8s6es"
              >
                <p
                  class="chakra-text bold600 css-1tq00ko"
                >
                  ¿Por qué utilizar la plataforma?
                </p>
                <p
                  class="chakra-text css-qqfgvy"
                >
                  Contactamos clientes con profesionales para garantizar el éxito de un proyecto
                </p>
                <p
                  class="chakra-text bold500 css-qqfgvy"
                >
                  Beneficios
                </p>
                <div
                  class="css-8ik53u"
                >
                  <div
                    class="css-70qvj9"
                  >
                    <div
                      class="css-1s7hxd4"
                    >
                      <svg
                        color="var(--primary)"
                        fill="none"
                        height="1em"
                        style="font-size: 15px;"
                        viewBox="0 0 20 20"
                        width="1em"
                        xmlns="http://www.w3.org/2000/svg"
                      >
                        <path
                          clip-rule="evenodd"
                          d="M19 17V3c0-1.1-.9-2-2-2H3c-1.1 0-2 .9-2 2v14c0 1.1.9 2 2 2h14c1.1 0 2-.9 2-2zm-9 0H3l7-8V3h7v14l-7-8v8z"
                          fill="var(--primary)"
                          fill-rule="evenodd"
                        />
                      </svg>
                    </div>
                    <p
                      class="chakra-text ml3 css-qqfgvy"
                    >
                      Visualizacion de cosas
                    </p>
                  </div>
                  <div
                    class="css-70qvj9"
                  >
                    <div
                      class="css-1s7hxd4"
                    >
                      <svg
                        color="var(--primary)"
                        fill="none"
                        height="1em"
                        style="font-size: 15px;"
                        viewBox="0 0 20 20"
                        width="1em"
                        xmlns="http://www.w3.org/2000/svg"
                      >
                        <path
                          clip-rule="evenodd"
                          d="M9.98 0C4.47 0 0 4.47 0 9.98c0 5.51 4.47 9.98 9.98 9.98 5.51 0 9.98-4.47 9.98-9.98C19.96 4.47 15.49 0 9.98 0zm0 17.96C5.58 17.96 2 14.38 2 9.98S5.58 2 9.98 2s7.98 3.58 7.98 7.98-3.58 7.98-7.98 7.98zm.75-14.98l-4.5 8.5h3.14v5.5l4.36-8.5h-3v-5.5z"
                          fill="var(--primary)"
                          fill-rule="evenodd"
                        />
                      </svg>
                    </div>
                    <p
                      class="chakra-text ml3 css-qqfgvy"
                    >
                      Chat en vivo
                    </p>
                  </div>
                  <div
                    class="css-70qvj9"
                  >
                    <div
                      class="css-1s7hxd4"
                    >
                      <svg
                        color="var(--primary)"
                        fill="none"
                        height="1em"
                        style="font-size: 15px;"
                        viewBox="0 0 20 20"
                        width="1em"
                        xmlns="http://www.w3.org/2000/svg"
                      >
                        <path
                          clip-rule="evenodd"
                          d="M19 17V3c0-1.1-.9-2-2-2H3c-1.1 0-2 .9-2 2v14c0 1.1.9 2 2 2h14c1.1 0 2-.9 2-2zm-9 0H3l7-8V3h7v14l-7-8v8z"
                          fill="var(--primary)"
                          fill-rule="evenodd"
                        />
                      </svg>
                    </div>
                    <p
                      class="chakra-text ml3 css-qqfgvy"
                    >
                      Pago por servicio de calidad
                    </p>
                  </div>
                  <div
                    class="css-70qvj9"
                  >
                    <div
                      class="css-1s7hxd4"
                    >
                      <svg
                        color="var(--primary)"
                        fill="none"
                        height="1em"
                        style="font-size: 15px;"
                        viewBox="0 0 20 20"
                        width="1em"
                        xmlns="http://www.w3.org/2000/svg"
                      >
                        <path
                          clip-rule="evenodd"
                          d="M9.98 0C4.47 0 0 4.47 0 9.98c0 5.51 4.47 9.98 9.98 9.98 5.51 0 9.98-4.47 9.98-9.98C19.96 4.47 15.49 0 9.98 0zm0 17.96C5.58 17.96 2 14.38 2 9.98S5.58 2 9.98 2s7.98 3.58 7.98 7.98-3.58 7.98-7.98 7.98zm.75-14.98l-4.5 8.5h3.14v5.5l4.36-8.5h-3v-5.5z"
                          fill="var(--primary)"
                          fill-rule="evenodd"
                        />
                      </svg>
                    </div>
                    <p
                      class="chakra-text ml3 css-qqfgvy"
                    >
                      Monitoreo del servicio
                    </p>
                  </div>
                </div>
              </div>
            </div>
          </div>
        </div>
      </div>
    </div>
  </body>,
  "container": <div>
    <div
      class="infoContainer"
    >
      <div
        class="infoWrapper"
      >
        <div
          class="infoRowInvert"
        >
          <div
            class="css-1i40juj"
          >
            <div
              style="display: inline-block; max-width: 100%; overflow: hidden; position: relative; box-sizing: border-box; margin: 0px;"
            >
              <div
                style="box-sizing: border-box; display: block; max-width: 100%;"
              >
                <img
                  alt=""
                  aria-hidden="true"
                  role="presentation"
                  src="data:image/svg+xml;base64,PHN2ZyB3aWR0aD0iNTAwIiBoZWlnaHQ9IjUwMCIgeG1sbnM9Imh0dHA6Ly93d3cudzMub3JnLzIwMDAvc3ZnIiB2ZXJzaW9uPSIxLjEiLz4="
                  style="max-width: 100%; display: block; margin: 0px; padding: 0px;"
                />
              </div>
              <noscript />
              <img
                alt="Reason"
                decoding="async"
                src="data:image/gif;base64,R0lGODlhAQABAIAAAAAAAP///yH5BAEAAAAALAAAAAABAAEAAAIBRAA7"
                style="position: absolute; top: 0px; left: 0px; bottom: 0px; right: 0px; box-sizing: border-box; padding: 0px; margin: auto; display: block; width: 0px; height: 0px; min-width: 100%; max-width: 100%; min-height: 100%; max-height: 100%;"
              />
            </div>
          </div>
          <div
            class="css-1i40juj"
          >
            <div
              class="css-1h8s6es"
            >
              <p
                class="chakra-text bold600 css-1tq00ko"
              >
                ¿Por qué utilizar la plataforma?
              </p>
              <p
                class="chakra-text css-qqfgvy"
              >
                Contactamos clientes con profesionales para garantizar el éxito de un proyecto
              </p>
              <p
                class="chakra-text bold500 css-qqfgvy"
              >
                Beneficios
              </p>
              <div
                class="css-8ik53u"
              >
                <div
                  class="css-70qvj9"
                >
                  <div
                    class="css-1s7hxd4"
                  >
                    <svg
                      color="var(--primary)"
                      fill="none"
                      height="1em"
                      style="font-size: 15px;"
                      viewBox="0 0 20 20"
                      width="1em"
                      xmlns="http://www.w3.org/2000/svg"
                    >
                      <path
                        clip-rule="evenodd"
                        d="M19 17V3c0-1.1-.9-2-2-2H3c-1.1 0-2 .9-2 2v14c0 1.1.9 2 2 2h14c1.1 0 2-.9 2-2zm-9 0H3l7-8V3h7v14l-7-8v8z"
                        fill="var(--primary)"
                        fill-rule="evenodd"
                      />
                    </svg>
                  </div>
                  <p
                    class="chakra-text ml3 css-qqfgvy"
                  >
                    Visualizacion de cosas
                  </p>
                </div>
                <div
                  class="css-70qvj9"
                >
                  <div
                    class="css-1s7hxd4"
                  >
                    <svg
                      color="var(--primary)"
                      fill="none"
                      height="1em"
                      style="font-size: 15px;"
                      viewBox="0 0 20 20"
                      width="1em"
                      xmlns="http://www.w3.org/2000/svg"
                    >
                      <path
                        clip-rule="evenodd"
                        d="M9.98 0C4.47 0 0 4.47 0 9.98c0 5.51 4.47 9.98 9.98 9.98 5.51 0 9.98-4.47 9.98-9.98C19.96 4.47 15.49 0 9.98 0zm0 17.96C5.58 17.96 2 14.38 2 9.98S5.58 2 9.98 2s7.98 3.58 7.98 7.98-3.58 7.98-7.98 7.98zm.75-14.98l-4.5 8.5h3.14v5.5l4.36-8.5h-3v-5.5z"
                        fill="var(--primary)"
                        fill-rule="evenodd"
                      />
                    </svg>
                  </div>
                  <p
                    class="chakra-text ml3 css-qqfgvy"
                  >
                    Chat en vivo
                  </p>
                </div>
                <div
                  class="css-70qvj9"
                >
                  <div
                    class="css-1s7hxd4"
                  >
                    <svg
                      color="var(--primary)"
                      fill="none"
                      height="1em"
                      style="font-size: 15px;"
                      viewBox="0 0 20 20"
                      width="1em"
                      xmlns="http://www.w3.org/2000/svg"
                    >
                      <path
                        clip-rule="evenodd"
                        d="M19 17V3c0-1.1-.9-2-2-2H3c-1.1 0-2 .9-2 2v14c0 1.1.9 2 2 2h14c1.1 0 2-.9 2-2zm-9 0H3l7-8V3h7v14l-7-8v8z"
                        fill="var(--primary)"
                        fill-rule="evenodd"
                      />
                    </svg>
                  </div>
                  <p
                    class="chakra-text ml3 css-qqfgvy"
                  >
                    Pago por servicio de calidad
                  </p>
                </div>
                <div
                  class="css-70qvj9"
                >
                  <div
                    class="css-1s7hxd4"
                  >
                    <svg
                      color="var(--primary)"
                      fill="none"
                      height="1em"
                      style="font-size: 15px;"
                      viewBox="0 0 20 20"
                      width="1em"
                      xmlns="http://www.w3.org/2000/svg"
                    >
                      <path
                        clip-rule="evenodd"
                        d="M9.98 0C4.47 0 0 4.47 0 9.98c0 5.51 4.47 9.98 9.98 9.98 5.51 0 9.98-4.47 9.98-9.98C19.96 4.47 15.49 0 9.98 0zm0 17.96C5.58 17.96 2 14.38 2 9.98S5.58 2 9.98 2s7.98 3.58 7.98 7.98-3.58 7.98-7.98 7.98zm.75-14.98l-4.5 8.5h3.14v5.5l4.36-8.5h-3v-5.5z"
                        fill="var(--primary)"
                        fill-rule="evenodd"
                      />
                    </svg>
                  </div>
                  <p
                    class="chakra-text ml3 css-qqfgvy"
                  >
                    Monitoreo del servicio
                  </p>
                </div>
              </div>
            </div>
          </div>
        </div>
      </div>
    </div>
  </div>,
  "debug": [Function],
  "findAllByAltText": [Function],
  "findAllByDisplayValue": [Function],
  "findAllByLabelText": [Function],
  "findAllByPlaceholderText": [Function],
  "findAllByRole": [Function],
  "findAllByTestId": [Function],
  "findAllByText": [Function],
  "findAllByTitle": [Function],
  "findByAltText": [Function],
  "findByDisplayValue": [Function],
  "findByLabelText": [Function],
  "findByPlaceholderText": [Function],
  "findByRole": [Function],
  "findByTestId": [Function],
  "findByText": [Function],
  "findByTitle": [Function],
  "getAllByAltText": [Function],
  "getAllByDisplayValue": [Function],
  "getAllByLabelText": [Function],
  "getAllByPlaceholderText": [Function],
  "getAllByRole": [Function],
  "getAllByTestId": [Function],
  "getAllByText": [Function],
  "getAllByTitle": [Function],
  "getByAltText": [Function],
  "getByDisplayValue": [Function],
  "getByLabelText": [Function],
  "getByPlaceholderText": [Function],
  "getByRole": [Function],
  "getByTestId": [Function],
  "getByText": [Function],
  "getByTitle": [Function],
  "queryAllByAltText": [Function],
  "queryAllByDisplayValue": [Function],
  "queryAllByLabelText": [Function],
  "queryAllByPlaceholderText": [Function],
  "queryAllByRole": [Function],
  "queryAllByTestId": [Function],
  "queryAllByText": [Function],
  "queryAllByTitle": [Function],
  "queryByAltText": [Function],
  "queryByDisplayValue": [Function],
  "queryByLabelText": [Function],
  "queryByPlaceholderText": [Function],
  "queryByRole": [Function],
  "queryByTestId": [Function],
  "queryByText": [Function],
  "queryByTitle": [Function],
  "rerender": [Function],
  "unmount": [Function],
}
`;
