// Jest Snapshot v1, https://goo.gl/fbAQLP

exports[`CardCategory debe renderizarse el componente 1`] = `
Object {
  "asFragment": [Function],
  "baseElement": <body
    class="chakra-ui-light"
  >
    <div
      id="chakra-toast-portal"
    >
      <ul
        id="chakra-toast-manager-top"
        style="position: fixed; z-index: 5500; pointer-events: none; display: flex; flex-direction: column; margin: 0px auto;"
      />
      <ul
        id="chakra-toast-manager-top-left"
        style="position: fixed; z-index: 5500; pointer-events: none; display: flex; flex-direction: column;"
      />
      <ul
        id="chakra-toast-manager-top-right"
        style="position: fixed; z-index: 5500; pointer-events: none; display: flex; flex-direction: column;"
      />
      <ul
        id="chakra-toast-manager-bottom-left"
        style="position: fixed; z-index: 5500; pointer-events: none; display: flex; flex-direction: column;"
      />
      <ul
        id="chakra-toast-manager-bottom"
        style="position: fixed; z-index: 5500; pointer-events: none; display: flex; flex-direction: column; margin: 0px auto;"
      />
      <ul
        id="chakra-toast-manager-bottom-right"
        style="position: fixed; z-index: 5500; pointer-events: none; display: flex; flex-direction: column;"
      />
    </div>
    <div>
      <div
        class="css-1oqqhbx"
      >
        <div
          style="display: inline-block; max-width: 100%; overflow: hidden; position: relative; box-sizing: border-box; margin: 0px;"
        >
          <div
            style="box-sizing: border-box; display: block; max-width: 100%;"
          >
            <img
              alt=""
              aria-hidden="true"
              role="presentation"
              src="data:image/svg+xml;base64,PHN2ZyB3aWR0aD0iNTAwIiBoZWlnaHQ9IjUwMCIgeG1sbnM9Imh0dHA6Ly93d3cudzMub3JnLzIwMDAvc3ZnIiB2ZXJzaW9uPSIxLjEiLz4="
              style="max-width: 100%; display: block; margin: 0px; padding: 0px;"
            />
          </div>
          <noscript />
          <img
            alt="New Bar"
            decoding="async"
            src="data:image/gif;base64,R0lGODlhAQABAIAAAAAAAP///yH5BAEAAAAALAAAAAABAAEAAAIBRAA7"
            style="position: absolute; top: 0px; left: 0px; bottom: 0px; right: 0px; box-sizing: border-box; padding: 0px; margin: auto; display: block; width: 0px; height: 0px; min-width: 100%; max-width: 100%; min-height: 100%; max-height: 100%;"
          />
        </div>
        <div
          class="css-kh5fs6"
        >
          <div
            class="css-18f4n7l"
          >
            <div
              class="css-qf8moh"
            >
              <div
                class="css-r5paij"
              >
                <svg
                  color="var(--primary)"
                  fill="none"
                  height="1em"
                  style="font-size: 15px;"
                  viewBox="0 0 20 20"
                  width="1em"
                  xmlns="http://www.w3.org/2000/svg"
                >
                  <path
                    clip-rule="evenodd"
                    d="M3.5 8.695l4.547-.702L9.998 3.8l1.952 4.193 4.55.702-3.3 3.418.755 4.687-3.957-2.197L6.043 16.8l.754-4.687L3.5 8.695z"
                    fill="var(--primary)"
                    fill-rule="evenodd"
                  />
                  <path
                    clip-rule="evenodd"
                    d="M10 15.925L4.438 19 5.5 12.488 1 7.875l6.219-.95L10 1l2.781 5.925 6.219.95-4.5 4.613L15.562 19 10 15.925zM4.12 8.92l2.984 3.063-.683 4.199L10 14.214l3.58 1.968-.683-4.2 2.985-3.062-4.116-.63L10 4.534 8.234 8.29l-4.113.63z"
                    fill="#FBD76D"
                    fill-rule="evenodd"
                  />
                </svg>
                <p
                  class="chakra-text bold200 css-3hfsa6"
                >
                  4.0
                </p>
              </div>
              <p
                class="chakra-text bold200 css-3hfsa6"
              >
                S/. 200
              </p>
            </div>
            <div
              class="css-geek62"
            >
              <p
                class="chakra-text bold500 css-11pzpln"
              >
                New Bar
              </p>
            </div>
            <div
              class="css-geek62"
            >
              <p
                class="chakra-text bold200 css-3hfsa6"
              >
                Por Luis Sotelo
              </p>
            </div>
          </div>
        </div>
      </div>
    </div>
  </body>,
  "container": <div>
    <div
      class="css-1oqqhbx"
    >
      <div
        style="display: inline-block; max-width: 100%; overflow: hidden; position: relative; box-sizing: border-box; margin: 0px;"
      >
        <div
          style="box-sizing: border-box; display: block; max-width: 100%;"
        >
          <img
            alt=""
            aria-hidden="true"
            role="presentation"
            src="data:image/svg+xml;base64,PHN2ZyB3aWR0aD0iNTAwIiBoZWlnaHQ9IjUwMCIgeG1sbnM9Imh0dHA6Ly93d3cudzMub3JnLzIwMDAvc3ZnIiB2ZXJzaW9uPSIxLjEiLz4="
            style="max-width: 100%; display: block; margin: 0px; padding: 0px;"
          />
        </div>
        <noscript />
        <img
          alt="New Bar"
          decoding="async"
          src="data:image/gif;base64,R0lGODlhAQABAIAAAAAAAP///yH5BAEAAAAALAAAAAABAAEAAAIBRAA7"
          style="position: absolute; top: 0px; left: 0px; bottom: 0px; right: 0px; box-sizing: border-box; padding: 0px; margin: auto; display: block; width: 0px; height: 0px; min-width: 100%; max-width: 100%; min-height: 100%; max-height: 100%;"
        />
      </div>
      <div
        class="css-kh5fs6"
      >
        <div
          class="css-18f4n7l"
        >
          <div
            class="css-qf8moh"
          >
            <div
              class="css-r5paij"
            >
              <svg
                color="var(--primary)"
                fill="none"
                height="1em"
                style="font-size: 15px;"
                viewBox="0 0 20 20"
                width="1em"
                xmlns="http://www.w3.org/2000/svg"
              >
                <path
                  clip-rule="evenodd"
                  d="M3.5 8.695l4.547-.702L9.998 3.8l1.952 4.193 4.55.702-3.3 3.418.755 4.687-3.957-2.197L6.043 16.8l.754-4.687L3.5 8.695z"
                  fill="var(--primary)"
                  fill-rule="evenodd"
                />
                <path
                  clip-rule="evenodd"
                  d="M10 15.925L4.438 19 5.5 12.488 1 7.875l6.219-.95L10 1l2.781 5.925 6.219.95-4.5 4.613L15.562 19 10 15.925zM4.12 8.92l2.984 3.063-.683 4.199L10 14.214l3.58 1.968-.683-4.2 2.985-3.062-4.116-.63L10 4.534 8.234 8.29l-4.113.63z"
                  fill="#FBD76D"
                  fill-rule="evenodd"
                />
              </svg>
              <p
                class="chakra-text bold200 css-3hfsa6"
              >
                4.0
              </p>
            </div>
            <p
              class="chakra-text bold200 css-3hfsa6"
            >
              S/. 200
            </p>
          </div>
          <div
            class="css-geek62"
          >
            <p
              class="chakra-text bold500 css-11pzpln"
            >
              New Bar
            </p>
          </div>
          <div
            class="css-geek62"
          >
            <p
              class="chakra-text bold200 css-3hfsa6"
            >
              Por Luis Sotelo
            </p>
          </div>
        </div>
      </div>
    </div>
  </div>,
  "debug": [Function],
  "findAllByAltText": [Function],
  "findAllByDisplayValue": [Function],
  "findAllByLabelText": [Function],
  "findAllByPlaceholderText": [Function],
  "findAllByRole": [Function],
  "findAllByTestId": [Function],
  "findAllByText": [Function],
  "findAllByTitle": [Function],
  "findByAltText": [Function],
  "findByDisplayValue": [Function],
  "findByLabelText": [Function],
  "findByPlaceholderText": [Function],
  "findByRole": [Function],
  "findByTestId": [Function],
  "findByText": [Function],
  "findByTitle": [Function],
  "getAllByAltText": [Function],
  "getAllByDisplayValue": [Function],
  "getAllByLabelText": [Function],
  "getAllByPlaceholderText": [Function],
  "getAllByRole": [Function],
  "getAllByTestId": [Function],
  "getAllByText": [Function],
  "getAllByTitle": [Function],
  "getByAltText": [Function],
  "getByDisplayValue": [Function],
  "getByLabelText": [Function],
  "getByPlaceholderText": [Function],
  "getByRole": [Function],
  "getByTestId": [Function],
  "getByText": [Function],
  "getByTitle": [Function],
  "queryAllByAltText": [Function],
  "queryAllByDisplayValue": [Function],
  "queryAllByLabelText": [Function],
  "queryAllByPlaceholderText": [Function],
  "queryAllByRole": [Function],
  "queryAllByTestId": [Function],
  "queryAllByText": [Function],
  "queryAllByTitle": [Function],
  "queryByAltText": [Function],
  "queryByDisplayValue": [Function],
  "queryByLabelText": [Function],
  "queryByPlaceholderText": [Function],
  "queryByRole": [Function],
  "queryByTestId": [Function],
  "queryByText": [Function],
  "queryByTitle": [Function],
  "rerender": [Function],
  "unmount": [Function],
}
`;
