// Jest Snapshot v1, https://goo.gl/fbAQLP

exports[`Progress debe renderizarse 1`] = `
Object {
  "asFragment": [Function],
  "baseElement": <body
    class="chakra-ui-light"
  >
    <div
      id="chakra-toast-portal"
    >
      <ul
        id="chakra-toast-manager-top"
        style="position: fixed; z-index: 5500; pointer-events: none; display: flex; flex-direction: column; margin: 0px auto;"
      />
      <ul
        id="chakra-toast-manager-top-left"
        style="position: fixed; z-index: 5500; pointer-events: none; display: flex; flex-direction: column;"
      />
      <ul
        id="chakra-toast-manager-top-right"
        style="position: fixed; z-index: 5500; pointer-events: none; display: flex; flex-direction: column;"
      />
      <ul
        id="chakra-toast-manager-bottom-left"
        style="position: fixed; z-index: 5500; pointer-events: none; display: flex; flex-direction: column;"
      />
      <ul
        id="chakra-toast-manager-bottom"
        style="position: fixed; z-index: 5500; pointer-events: none; display: flex; flex-direction: column; margin: 0px auto;"
      />
      <ul
        id="chakra-toast-manager-bottom-right"
        style="position: fixed; z-index: 5500; pointer-events: none; display: flex; flex-direction: column;"
      />
    </div>
    <div>
      <div
        class="css-2ypazg"
      >
        <div
          class="css-177remz"
        >
          <div
            aria-valuemax="100"
            aria-valuemin="0"
            aria-valuenow="100"
            class="css-l8gkht"
            role="progressbar"
            style="width: 100%;"
          />
        </div>
        <div
          class="css-gmuwbf"
        >
          <div
            class="css-1r7zza8"
          >
            <p
              class="chakra-text css-np8v3k"
            >
              3
            </p>
            <svg
              color="var(--secondary)"
              fill="none"
              height="1em"
              style="font-size: 15px;"
              viewBox="0 0 20 20"
              width="1em"
              xmlns="http://www.w3.org/2000/svg"
            >
              <path
                clip-rule="evenodd"
                d="M3.5 8.695l4.547-.702L9.998 3.8l1.952 4.193 4.55.702-3.3 3.418.755 4.687-3.957-2.197L6.043 16.8l.754-4.687L3.5 8.695z"
                fill="var(--secondary)"
                fill-rule="evenodd"
              />
              <path
                clip-rule="evenodd"
                d="M10 15.925L4.438 19 5.5 12.488 1 7.875l6.219-.95L10 1l2.781 5.925 6.219.95-4.5 4.613L15.562 19 10 15.925zM4.12 8.92l2.984 3.063-.683 4.199L10 14.214l3.58 1.968-.683-4.2 2.985-3.062-4.116-.63L10 4.534 8.234 8.29l-4.113.63z"
                fill="#FBD76D"
                fill-rule="evenodd"
              />
            </svg>
            <p
              class="chakra-text css-ipe0h1"
            >
              (
              12
              )
            </p>
          </div>
        </div>
      </div>
    </div>
  </body>,
  "container": <div>
    <div
      class="css-2ypazg"
    >
      <div
        class="css-177remz"
      >
        <div
          aria-valuemax="100"
          aria-valuemin="0"
          aria-valuenow="100"
          class="css-l8gkht"
          role="progressbar"
          style="width: 100%;"
        />
      </div>
      <div
        class="css-gmuwbf"
      >
        <div
          class="css-1r7zza8"
        >
          <p
            class="chakra-text css-np8v3k"
          >
            3
          </p>
          <svg
            color="var(--secondary)"
            fill="none"
            height="1em"
            style="font-size: 15px;"
            viewBox="0 0 20 20"
            width="1em"
            xmlns="http://www.w3.org/2000/svg"
          >
            <path
              clip-rule="evenodd"
              d="M3.5 8.695l4.547-.702L9.998 3.8l1.952 4.193 4.55.702-3.3 3.418.755 4.687-3.957-2.197L6.043 16.8l.754-4.687L3.5 8.695z"
              fill="var(--secondary)"
              fill-rule="evenodd"
            />
            <path
              clip-rule="evenodd"
              d="M10 15.925L4.438 19 5.5 12.488 1 7.875l6.219-.95L10 1l2.781 5.925 6.219.95-4.5 4.613L15.562 19 10 15.925zM4.12 8.92l2.984 3.063-.683 4.199L10 14.214l3.58 1.968-.683-4.2 2.985-3.062-4.116-.63L10 4.534 8.234 8.29l-4.113.63z"
              fill="#FBD76D"
              fill-rule="evenodd"
            />
          </svg>
          <p
            class="chakra-text css-ipe0h1"
          >
            (
            12
            )
          </p>
        </div>
      </div>
    </div>
  </div>,
  "debug": [Function],
  "findAllByAltText": [Function],
  "findAllByDisplayValue": [Function],
  "findAllByLabelText": [Function],
  "findAllByPlaceholderText": [Function],
  "findAllByRole": [Function],
  "findAllByTestId": [Function],
  "findAllByText": [Function],
  "findAllByTitle": [Function],
  "findByAltText": [Function],
  "findByDisplayValue": [Function],
  "findByLabelText": [Function],
  "findByPlaceholderText": [Function],
  "findByRole": [Function],
  "findByTestId": [Function],
  "findByText": [Function],
  "findByTitle": [Function],
  "getAllByAltText": [Function],
  "getAllByDisplayValue": [Function],
  "getAllByLabelText": [Function],
  "getAllByPlaceholderText": [Function],
  "getAllByRole": [Function],
  "getAllByTestId": [Function],
  "getAllByText": [Function],
  "getAllByTitle": [Function],
  "getByAltText": [Function],
  "getByDisplayValue": [Function],
  "getByLabelText": [Function],
  "getByPlaceholderText": [Function],
  "getByRole": [Function],
  "getByTestId": [Function],
  "getByText": [Function],
  "getByTitle": [Function],
  "queryAllByAltText": [Function],
  "queryAllByDisplayValue": [Function],
  "queryAllByLabelText": [Function],
  "queryAllByPlaceholderText": [Function],
  "queryAllByRole": [Function],
  "queryAllByTestId": [Function],
  "queryAllByText": [Function],
  "queryAllByTitle": [Function],
  "queryByAltText": [Function],
  "queryByDisplayValue": [Function],
  "queryByLabelText": [Function],
  "queryByPlaceholderText": [Function],
  "queryByRole": [Function],
  "queryByTestId": [Function],
  "queryByText": [Function],
  "queryByTitle": [Function],
  "rerender": [Function],
  "unmount": [Function],
}
`;
