// Jest Snapshot v1, https://goo.gl/fbAQLP

exports[`Assignment debe renderizarse el componente 1`] = `
Object {
  "asFragment": [Function],
  "baseElement": <body
    class="chakra-ui-light"
  >
    <div
      id="chakra-toast-portal"
    >
      <ul
        id="chakra-toast-manager-top"
        style="position: fixed; z-index: 5500; pointer-events: none; display: flex; flex-direction: column; margin: 0px auto;"
      />
      <ul
        id="chakra-toast-manager-top-left"
        style="position: fixed; z-index: 5500; pointer-events: none; display: flex; flex-direction: column;"
      />
      <ul
        id="chakra-toast-manager-top-right"
        style="position: fixed; z-index: 5500; pointer-events: none; display: flex; flex-direction: column;"
      />
      <ul
        id="chakra-toast-manager-bottom-left"
        style="position: fixed; z-index: 5500; pointer-events: none; display: flex; flex-direction: column;"
      />
      <ul
        id="chakra-toast-manager-bottom"
        style="position: fixed; z-index: 5500; pointer-events: none; display: flex; flex-direction: column; margin: 0px auto;"
      />
      <ul
        id="chakra-toast-manager-bottom-right"
        style="position: fixed; z-index: 5500; pointer-events: none; display: flex; flex-direction: column;"
      />
    </div>
    <div>
      <svg
        fill="none"
        height="1em"
        viewBox="0 0 16 18"
        width="1em"
        xmlns="http://www.w3.org/2000/svg"
      >
        <path
          clip-rule="evenodd"
          d="M10.35 2.334h3.483c.917 0 1.667.75 1.667 1.666v11.667c0 .917-.75 1.667-1.667 1.667H2.167c-.117 0-.225-.009-.334-.025a1.674 1.674 0 01-1.2-.992 1.71 1.71 0 01-.133-.65V4c0-.233.05-.45.133-.641a1.673 1.673 0 011.2-.992 1.46 1.46 0 01.334-.033H5.65A2.509 2.509 0 018 .667c1.083 0 2 .7 2.35 1.667zM3.833 5.667h8.334v1.667H3.833V5.667zM12.167 9H3.833v1.667h8.334V9zm-2.5 3.334H3.833V14h5.834v-1.666zM8 2.125a.63.63 0 01.625.625.63.63 0 01-.625.625.63.63 0 01-.625-.625A.63.63 0 018 2.125zM2.167 15.667h11.666V4H2.167v11.667z"
          fill-rule="evenodd"
        />
      </svg>
    </div>
  </body>,
  "container": <div>
    <svg
      fill="none"
      height="1em"
      viewBox="0 0 16 18"
      width="1em"
      xmlns="http://www.w3.org/2000/svg"
    >
      <path
        clip-rule="evenodd"
        d="M10.35 2.334h3.483c.917 0 1.667.75 1.667 1.666v11.667c0 .917-.75 1.667-1.667 1.667H2.167c-.117 0-.225-.009-.334-.025a1.674 1.674 0 01-1.2-.992 1.71 1.71 0 01-.133-.65V4c0-.233.05-.45.133-.641a1.673 1.673 0 011.2-.992 1.46 1.46 0 01.334-.033H5.65A2.509 2.509 0 018 .667c1.083 0 2 .7 2.35 1.667zM3.833 5.667h8.334v1.667H3.833V5.667zM12.167 9H3.833v1.667h8.334V9zm-2.5 3.334H3.833V14h5.834v-1.666zM8 2.125a.63.63 0 01.625.625.63.63 0 01-.625.625.63.63 0 01-.625-.625A.63.63 0 018 2.125zM2.167 15.667h11.666V4H2.167v11.667z"
        fill-rule="evenodd"
      />
    </svg>
  </div>,
  "debug": [Function],
  "findAllByAltText": [Function],
  "findAllByDisplayValue": [Function],
  "findAllByLabelText": [Function],
  "findAllByPlaceholderText": [Function],
  "findAllByRole": [Function],
  "findAllByTestId": [Function],
  "findAllByText": [Function],
  "findAllByTitle": [Function],
  "findByAltText": [Function],
  "findByDisplayValue": [Function],
  "findByLabelText": [Function],
  "findByPlaceholderText": [Function],
  "findByRole": [Function],
  "findByTestId": [Function],
  "findByText": [Function],
  "findByTitle": [Function],
  "getAllByAltText": [Function],
  "getAllByDisplayValue": [Function],
  "getAllByLabelText": [Function],
  "getAllByPlaceholderText": [Function],
  "getAllByRole": [Function],
  "getAllByTestId": [Function],
  "getAllByText": [Function],
  "getAllByTitle": [Function],
  "getByAltText": [Function],
  "getByDisplayValue": [Function],
  "getByLabelText": [Function],
  "getByPlaceholderText": [Function],
  "getByRole": [Function],
  "getByTestId": [Function],
  "getByText": [Function],
  "getByTitle": [Function],
  "queryAllByAltText": [Function],
  "queryAllByDisplayValue": [Function],
  "queryAllByLabelText": [Function],
  "queryAllByPlaceholderText": [Function],
  "queryAllByRole": [Function],
  "queryAllByTestId": [Function],
  "queryAllByText": [Function],
  "queryAllByTitle": [Function],
  "queryByAltText": [Function],
  "queryByDisplayValue": [Function],
  "queryByLabelText": [Function],
  "queryByPlaceholderText": [Function],
  "queryByRole": [Function],
  "queryByTestId": [Function],
  "queryByText": [Function],
  "queryByTitle": [Function],
  "rerender": [Function],
  "unmount": [Function],
}
`;
