// Jest Snapshot v1, https://goo.gl/fbAQLP

exports[`Box debe renderizarse el componente 1`] = `
Object {
  "asFragment": [Function],
  "baseElement": <body
    class="chakra-ui-light"
  >
    <div
      id="chakra-toast-portal"
    >
      <ul
        id="chakra-toast-manager-top"
        style="position: fixed; z-index: 5500; pointer-events: none; display: flex; flex-direction: column; margin: 0px auto;"
      />
      <ul
        id="chakra-toast-manager-top-left"
        style="position: fixed; z-index: 5500; pointer-events: none; display: flex; flex-direction: column;"
      />
      <ul
        id="chakra-toast-manager-top-right"
        style="position: fixed; z-index: 5500; pointer-events: none; display: flex; flex-direction: column;"
      />
      <ul
        id="chakra-toast-manager-bottom-left"
        style="position: fixed; z-index: 5500; pointer-events: none; display: flex; flex-direction: column;"
      />
      <ul
        id="chakra-toast-manager-bottom"
        style="position: fixed; z-index: 5500; pointer-events: none; display: flex; flex-direction: column; margin: 0px auto;"
      />
      <ul
        id="chakra-toast-manager-bottom-right"
        style="position: fixed; z-index: 5500; pointer-events: none; display: flex; flex-direction: column;"
      />
    </div>
    <div>
      <svg
        fill="none"
        height="1em"
        viewBox="0 0 82 66"
        width="1em"
        xmlns="http://www.w3.org/2000/svg"
      >
        <path
          d="M71.421 5.48c-.46-.658-1.241-.954-2.006-.84-.029-.007-.058-.02-.087-.024L38.031.022a2.065 2.065 0 00-1.016.106L11.948 9.315c-.01.004-.02.011-.031.015-.027.012-.051.028-.08.038a2.15 2.15 0 00-.833.65c-.005.009-.013.013-.02.021L.4 24.52a2.082 2.082 0 00-.28 1.925c.232.65.77 1.14 1.438 1.312l9.185 2.371v22.707c0 .913.596 1.72 1.47 1.987l33.63 10.276c.01.006.023.001.034.007.18.05.369.082.557.083l.015.003h.002c.197 0 .391-.036.585-.093.061-.02.118-.046.18-.072.082-.03.162-.053.242-.094L71.59 51.539a2.077 2.077 0 001.07-1.817V27.02l8.162-3.918a2.08 2.08 0 00.802-3.066L71.42 5.48zM37.95 4.21l24.428 3.585-16.204 7.534-25.66-4.728L37.95 4.21zm-24.38 9.335l29.403 5.419-8.642 12.964L5.56 24.5l8.009-10.955zm1.326 37.753v-20.1l19.823 5.12a2.078 2.078 0 002.247-.858l7.406-11.109v35.953l-29.476-9.006zm53.608-2.8l-19.98 11.086V26.78l3.649 7.752a2.076 2.076 0 001.877 1.19c.309 0 .615-.069.899-.202l13.553-6.504.002 19.481zM55.041 30.871l-5.824-12.375 19.801-9.207 7.8 11.127-21.777 10.455z"
          fill-opacity="0.54"
        />
      </svg>
    </div>
  </body>,
  "container": <div>
    <svg
      fill="none"
      height="1em"
      viewBox="0 0 82 66"
      width="1em"
      xmlns="http://www.w3.org/2000/svg"
    >
      <path
        d="M71.421 5.48c-.46-.658-1.241-.954-2.006-.84-.029-.007-.058-.02-.087-.024L38.031.022a2.065 2.065 0 00-1.016.106L11.948 9.315c-.01.004-.02.011-.031.015-.027.012-.051.028-.08.038a2.15 2.15 0 00-.833.65c-.005.009-.013.013-.02.021L.4 24.52a2.082 2.082 0 00-.28 1.925c.232.65.77 1.14 1.438 1.312l9.185 2.371v22.707c0 .913.596 1.72 1.47 1.987l33.63 10.276c.01.006.023.001.034.007.18.05.369.082.557.083l.015.003h.002c.197 0 .391-.036.585-.093.061-.02.118-.046.18-.072.082-.03.162-.053.242-.094L71.59 51.539a2.077 2.077 0 001.07-1.817V27.02l8.162-3.918a2.08 2.08 0 00.802-3.066L71.42 5.48zM37.95 4.21l24.428 3.585-16.204 7.534-25.66-4.728L37.95 4.21zm-24.38 9.335l29.403 5.419-8.642 12.964L5.56 24.5l8.009-10.955zm1.326 37.753v-20.1l19.823 5.12a2.078 2.078 0 002.247-.858l7.406-11.109v35.953l-29.476-9.006zm53.608-2.8l-19.98 11.086V26.78l3.649 7.752a2.076 2.076 0 001.877 1.19c.309 0 .615-.069.899-.202l13.553-6.504.002 19.481zM55.041 30.871l-5.824-12.375 19.801-9.207 7.8 11.127-21.777 10.455z"
        fill-opacity="0.54"
      />
    </svg>
  </div>,
  "debug": [Function],
  "findAllByAltText": [Function],
  "findAllByDisplayValue": [Function],
  "findAllByLabelText": [Function],
  "findAllByPlaceholderText": [Function],
  "findAllByRole": [Function],
  "findAllByTestId": [Function],
  "findAllByText": [Function],
  "findAllByTitle": [Function],
  "findByAltText": [Function],
  "findByDisplayValue": [Function],
  "findByLabelText": [Function],
  "findByPlaceholderText": [Function],
  "findByRole": [Function],
  "findByTestId": [Function],
  "findByText": [Function],
  "findByTitle": [Function],
  "getAllByAltText": [Function],
  "getAllByDisplayValue": [Function],
  "getAllByLabelText": [Function],
  "getAllByPlaceholderText": [Function],
  "getAllByRole": [Function],
  "getAllByTestId": [Function],
  "getAllByText": [Function],
  "getAllByTitle": [Function],
  "getByAltText": [Function],
  "getByDisplayValue": [Function],
  "getByLabelText": [Function],
  "getByPlaceholderText": [Function],
  "getByRole": [Function],
  "getByTestId": [Function],
  "getByText": [Function],
  "getByTitle": [Function],
  "queryAllByAltText": [Function],
  "queryAllByDisplayValue": [Function],
  "queryAllByLabelText": [Function],
  "queryAllByPlaceholderText": [Function],
  "queryAllByRole": [Function],
  "queryAllByTestId": [Function],
  "queryAllByText": [Function],
  "queryAllByTitle": [Function],
  "queryByAltText": [Function],
  "queryByDisplayValue": [Function],
  "queryByLabelText": [Function],
  "queryByPlaceholderText": [Function],
  "queryByRole": [Function],
  "queryByTestId": [Function],
  "queryByText": [Function],
  "queryByTitle": [Function],
  "rerender": [Function],
  "unmount": [Function],
}
`;
