// Jest Snapshot v1, https://goo.gl/fbAQLP

exports[`Build debe renderizarse el componente 1`] = `
Object {
  "asFragment": [Function],
  "baseElement": <body
    class="chakra-ui-light"
  >
    <div
      id="chakra-toast-portal"
    >
      <ul
        id="chakra-toast-manager-top"
        style="position: fixed; z-index: 5500; pointer-events: none; display: flex; flex-direction: column; margin: 0px auto;"
      />
      <ul
        id="chakra-toast-manager-top-left"
        style="position: fixed; z-index: 5500; pointer-events: none; display: flex; flex-direction: column;"
      />
      <ul
        id="chakra-toast-manager-top-right"
        style="position: fixed; z-index: 5500; pointer-events: none; display: flex; flex-direction: column;"
      />
      <ul
        id="chakra-toast-manager-bottom-left"
        style="position: fixed; z-index: 5500; pointer-events: none; display: flex; flex-direction: column;"
      />
      <ul
        id="chakra-toast-manager-bottom"
        style="position: fixed; z-index: 5500; pointer-events: none; display: flex; flex-direction: column; margin: 0px auto;"
      />
      <ul
        id="chakra-toast-manager-bottom-right"
        style="position: fixed; z-index: 5500; pointer-events: none; display: flex; flex-direction: column;"
      />
    </div>
    <div>
      <svg
        fill="none"
        height="1em"
        viewBox="0 0 27 27"
        width="1em"
        xmlns="http://www.w3.org/2000/svg"
      >
        <path
          clip-rule="evenodd"
          d="M15.2 10.797l11.014 11.014c.485.485.485 1.25 0 1.71l-2.79 2.79a1.208 1.208 0 01-1.71 0l-11.05-11.05c-2.814 1.055-6.101.461-8.357-1.795-2.79-2.778-3.045-7.132-.789-10.213l4.646 4.645 1.722-1.71-4.657-4.67c3.093-2.256 7.435-2.001 10.225.789a7.89 7.89 0 011.746 8.49zm-4.1 1.48l11.475 11.475 1.067-1.08L12.18 11.21a5.276 5.276 0 001.067-2.378 5.42 5.42 0 00-1.504-4.803 5.469 5.469 0 00-4.172-1.59l3.748 3.749-5.143 5.143-3.748-3.748a5.419 5.419 0 001.6 4.172c1.262 1.262 2.997 1.76 4.647 1.517a5.304 5.304 0 002.425-.995z"
          fill-rule="evenodd"
        />
      </svg>
    </div>
  </body>,
  "container": <div>
    <svg
      fill="none"
      height="1em"
      viewBox="0 0 27 27"
      width="1em"
      xmlns="http://www.w3.org/2000/svg"
    >
      <path
        clip-rule="evenodd"
        d="M15.2 10.797l11.014 11.014c.485.485.485 1.25 0 1.71l-2.79 2.79a1.208 1.208 0 01-1.71 0l-11.05-11.05c-2.814 1.055-6.101.461-8.357-1.795-2.79-2.778-3.045-7.132-.789-10.213l4.646 4.645 1.722-1.71-4.657-4.67c3.093-2.256 7.435-2.001 10.225.789a7.89 7.89 0 011.746 8.49zm-4.1 1.48l11.475 11.475 1.067-1.08L12.18 11.21a5.276 5.276 0 001.067-2.378 5.42 5.42 0 00-1.504-4.803 5.469 5.469 0 00-4.172-1.59l3.748 3.749-5.143 5.143-3.748-3.748a5.419 5.419 0 001.6 4.172c1.262 1.262 2.997 1.76 4.647 1.517a5.304 5.304 0 002.425-.995z"
        fill-rule="evenodd"
      />
    </svg>
  </div>,
  "debug": [Function],
  "findAllByAltText": [Function],
  "findAllByDisplayValue": [Function],
  "findAllByLabelText": [Function],
  "findAllByPlaceholderText": [Function],
  "findAllByRole": [Function],
  "findAllByTestId": [Function],
  "findAllByText": [Function],
  "findAllByTitle": [Function],
  "findByAltText": [Function],
  "findByDisplayValue": [Function],
  "findByLabelText": [Function],
  "findByPlaceholderText": [Function],
  "findByRole": [Function],
  "findByTestId": [Function],
  "findByText": [Function],
  "findByTitle": [Function],
  "getAllByAltText": [Function],
  "getAllByDisplayValue": [Function],
  "getAllByLabelText": [Function],
  "getAllByPlaceholderText": [Function],
  "getAllByRole": [Function],
  "getAllByTestId": [Function],
  "getAllByText": [Function],
  "getAllByTitle": [Function],
  "getByAltText": [Function],
  "getByDisplayValue": [Function],
  "getByLabelText": [Function],
  "getByPlaceholderText": [Function],
  "getByRole": [Function],
  "getByTestId": [Function],
  "getByText": [Function],
  "getByTitle": [Function],
  "queryAllByAltText": [Function],
  "queryAllByDisplayValue": [Function],
  "queryAllByLabelText": [Function],
  "queryAllByPlaceholderText": [Function],
  "queryAllByRole": [Function],
  "queryAllByTestId": [Function],
  "queryAllByText": [Function],
  "queryAllByTitle": [Function],
  "queryByAltText": [Function],
  "queryByDisplayValue": [Function],
  "queryByLabelText": [Function],
  "queryByPlaceholderText": [Function],
  "queryByRole": [Function],
  "queryByTestId": [Function],
  "queryByText": [Function],
  "queryByTitle": [Function],
  "rerender": [Function],
  "unmount": [Function],
}
`;
