// Jest Snapshot v1, https://goo.gl/fbAQLP

exports[`Energy debe renderizarse el componente 1`] = `
Object {
  "asFragment": [Function],
  "baseElement": <body
    class="chakra-ui-light"
  >
    <div
      id="chakra-toast-portal"
    >
      <ul
        id="chakra-toast-manager-top"
        style="position: fixed; z-index: 5500; pointer-events: none; display: flex; flex-direction: column; margin: 0px auto;"
      />
      <ul
        id="chakra-toast-manager-top-left"
        style="position: fixed; z-index: 5500; pointer-events: none; display: flex; flex-direction: column;"
      />
      <ul
        id="chakra-toast-manager-top-right"
        style="position: fixed; z-index: 5500; pointer-events: none; display: flex; flex-direction: column;"
      />
      <ul
        id="chakra-toast-manager-bottom-left"
        style="position: fixed; z-index: 5500; pointer-events: none; display: flex; flex-direction: column;"
      />
      <ul
        id="chakra-toast-manager-bottom"
        style="position: fixed; z-index: 5500; pointer-events: none; display: flex; flex-direction: column; margin: 0px auto;"
      />
      <ul
        id="chakra-toast-manager-bottom-right"
        style="position: fixed; z-index: 5500; pointer-events: none; display: flex; flex-direction: column;"
      />
    </div>
    <div>
      <svg
        fill="none"
        height="1em"
        viewBox="0 0 20 20"
        width="1em"
        xmlns="http://www.w3.org/2000/svg"
      >
        <path
          clip-rule="evenodd"
          d="M9.98 0C4.47 0 0 4.47 0 9.98c0 5.51 4.47 9.98 9.98 9.98 5.51 0 9.98-4.47 9.98-9.98C19.96 4.47 15.49 0 9.98 0zm0 17.96C5.58 17.96 2 14.38 2 9.98S5.58 2 9.98 2s7.98 3.58 7.98 7.98-3.58 7.98-7.98 7.98zm.75-14.98l-4.5 8.5h3.14v5.5l4.36-8.5h-3v-5.5z"
          fill-rule="evenodd"
        />
      </svg>
    </div>
  </body>,
  "container": <div>
    <svg
      fill="none"
      height="1em"
      viewBox="0 0 20 20"
      width="1em"
      xmlns="http://www.w3.org/2000/svg"
    >
      <path
        clip-rule="evenodd"
        d="M9.98 0C4.47 0 0 4.47 0 9.98c0 5.51 4.47 9.98 9.98 9.98 5.51 0 9.98-4.47 9.98-9.98C19.96 4.47 15.49 0 9.98 0zm0 17.96C5.58 17.96 2 14.38 2 9.98S5.58 2 9.98 2s7.98 3.58 7.98 7.98-3.58 7.98-7.98 7.98zm.75-14.98l-4.5 8.5h3.14v5.5l4.36-8.5h-3v-5.5z"
        fill-rule="evenodd"
      />
    </svg>
  </div>,
  "debug": [Function],
  "findAllByAltText": [Function],
  "findAllByDisplayValue": [Function],
  "findAllByLabelText": [Function],
  "findAllByPlaceholderText": [Function],
  "findAllByRole": [Function],
  "findAllByTestId": [Function],
  "findAllByText": [Function],
  "findAllByTitle": [Function],
  "findByAltText": [Function],
  "findByDisplayValue": [Function],
  "findByLabelText": [Function],
  "findByPlaceholderText": [Function],
  "findByRole": [Function],
  "findByTestId": [Function],
  "findByText": [Function],
  "findByTitle": [Function],
  "getAllByAltText": [Function],
  "getAllByDisplayValue": [Function],
  "getAllByLabelText": [Function],
  "getAllByPlaceholderText": [Function],
  "getAllByRole": [Function],
  "getAllByTestId": [Function],
  "getAllByText": [Function],
  "getAllByTitle": [Function],
  "getByAltText": [Function],
  "getByDisplayValue": [Function],
  "getByLabelText": [Function],
  "getByPlaceholderText": [Function],
  "getByRole": [Function],
  "getByTestId": [Function],
  "getByText": [Function],
  "getByTitle": [Function],
  "queryAllByAltText": [Function],
  "queryAllByDisplayValue": [Function],
  "queryAllByLabelText": [Function],
  "queryAllByPlaceholderText": [Function],
  "queryAllByRole": [Function],
  "queryAllByTestId": [Function],
  "queryAllByText": [Function],
  "queryAllByTitle": [Function],
  "queryByAltText": [Function],
  "queryByDisplayValue": [Function],
  "queryByLabelText": [Function],
  "queryByPlaceholderText": [Function],
  "queryByRole": [Function],
  "queryByTestId": [Function],
  "queryByText": [Function],
  "queryByTitle": [Function],
  "rerender": [Function],
  "unmount": [Function],
}
`;
