// Jest Snapshot v1, https://goo.gl/fbAQLP

exports[`Print debe renderizarse el componente 1`] = `
Object {
  "asFragment": [Function],
  "baseElement": <body
    class="chakra-ui-light"
  >
    <div
      id="chakra-toast-portal"
    >
      <ul
        id="chakra-toast-manager-top"
        style="position: fixed; z-index: 5500; pointer-events: none; display: flex; flex-direction: column; margin: 0px auto;"
      />
      <ul
        id="chakra-toast-manager-top-left"
        style="position: fixed; z-index: 5500; pointer-events: none; display: flex; flex-direction: column;"
      />
      <ul
        id="chakra-toast-manager-top-right"
        style="position: fixed; z-index: 5500; pointer-events: none; display: flex; flex-direction: column;"
      />
      <ul
        id="chakra-toast-manager-bottom-left"
        style="position: fixed; z-index: 5500; pointer-events: none; display: flex; flex-direction: column;"
      />
      <ul
        id="chakra-toast-manager-bottom"
        style="position: fixed; z-index: 5500; pointer-events: none; display: flex; flex-direction: column; margin: 0px auto;"
      />
      <ul
        id="chakra-toast-manager-bottom-right"
        style="position: fixed; z-index: 5500; pointer-events: none; display: flex; flex-direction: column;"
      />
    </div>
    <div>
      <svg
        fill="none"
        height="1em"
        viewBox="0 0 18 16"
        width="1em"
        xmlns="http://www.w3.org/2000/svg"
      >
        <path
          clip-rule="evenodd"
          d="M14.833 4.667H14V.5H4v4.167h-.833a2.497 2.497 0 00-2.5 2.5v5H4V15.5h10v-3.333h3.333v-5c0-1.384-1.116-2.5-2.5-2.5zm-9.166-2.5h6.666v2.5H5.666v-2.5zm6.666 11.666V10.5H5.666v3.333h6.667zM14 10.5V8.833H4V10.5H2.333V7.167c0-.459.375-.834.833-.834h11.667c.458 0 .833.375.833.834V10.5H14zm-.834-2.917a.833.833 0 111.667 0 .833.833 0 01-1.667 0z"
          fill-rule="evenodd"
        />
      </svg>
    </div>
  </body>,
  "container": <div>
    <svg
      fill="none"
      height="1em"
      viewBox="0 0 18 16"
      width="1em"
      xmlns="http://www.w3.org/2000/svg"
    >
      <path
        clip-rule="evenodd"
        d="M14.833 4.667H14V.5H4v4.167h-.833a2.497 2.497 0 00-2.5 2.5v5H4V15.5h10v-3.333h3.333v-5c0-1.384-1.116-2.5-2.5-2.5zm-9.166-2.5h6.666v2.5H5.666v-2.5zm6.666 11.666V10.5H5.666v3.333h6.667zM14 10.5V8.833H4V10.5H2.333V7.167c0-.459.375-.834.833-.834h11.667c.458 0 .833.375.833.834V10.5H14zm-.834-2.917a.833.833 0 111.667 0 .833.833 0 01-1.667 0z"
        fill-rule="evenodd"
      />
    </svg>
  </div>,
  "debug": [Function],
  "findAllByAltText": [Function],
  "findAllByDisplayValue": [Function],
  "findAllByLabelText": [Function],
  "findAllByPlaceholderText": [Function],
  "findAllByRole": [Function],
  "findAllByTestId": [Function],
  "findAllByText": [Function],
  "findAllByTitle": [Function],
  "findByAltText": [Function],
  "findByDisplayValue": [Function],
  "findByLabelText": [Function],
  "findByPlaceholderText": [Function],
  "findByRole": [Function],
  "findByTestId": [Function],
  "findByText": [Function],
  "findByTitle": [Function],
  "getAllByAltText": [Function],
  "getAllByDisplayValue": [Function],
  "getAllByLabelText": [Function],
  "getAllByPlaceholderText": [Function],
  "getAllByRole": [Function],
  "getAllByTestId": [Function],
  "getAllByText": [Function],
  "getAllByTitle": [Function],
  "getByAltText": [Function],
  "getByDisplayValue": [Function],
  "getByLabelText": [Function],
  "getByPlaceholderText": [Function],
  "getByRole": [Function],
  "getByTestId": [Function],
  "getByText": [Function],
  "getByTitle": [Function],
  "queryAllByAltText": [Function],
  "queryAllByDisplayValue": [Function],
  "queryAllByLabelText": [Function],
  "queryAllByPlaceholderText": [Function],
  "queryAllByRole": [Function],
  "queryAllByTestId": [Function],
  "queryAllByText": [Function],
  "queryAllByTitle": [Function],
  "queryByAltText": [Function],
  "queryByDisplayValue": [Function],
  "queryByLabelText": [Function],
  "queryByPlaceholderText": [Function],
  "queryByRole": [Function],
  "queryByTestId": [Function],
  "queryByText": [Function],
  "queryByTitle": [Function],
  "rerender": [Function],
  "unmount": [Function],
}
`;
