// Jest Snapshot v1, https://goo.gl/fbAQLP

exports[`Transfer debe renderizarse el componente 1`] = `
Object {
  "asFragment": [Function],
  "baseElement": <body
    class="chakra-ui-light"
  >
    <div
      id="chakra-toast-portal"
    >
      <ul
        id="chakra-toast-manager-top"
        style="position: fixed; z-index: 5500; pointer-events: none; display: flex; flex-direction: column; margin: 0px auto;"
      />
      <ul
        id="chakra-toast-manager-top-left"
        style="position: fixed; z-index: 5500; pointer-events: none; display: flex; flex-direction: column;"
      />
      <ul
        id="chakra-toast-manager-top-right"
        style="position: fixed; z-index: 5500; pointer-events: none; display: flex; flex-direction: column;"
      />
      <ul
        id="chakra-toast-manager-bottom-left"
        style="position: fixed; z-index: 5500; pointer-events: none; display: flex; flex-direction: column;"
      />
      <ul
        id="chakra-toast-manager-bottom"
        style="position: fixed; z-index: 5500; pointer-events: none; display: flex; flex-direction: column; margin: 0px auto;"
      />
      <ul
        id="chakra-toast-manager-bottom-right"
        style="position: fixed; z-index: 5500; pointer-events: none; display: flex; flex-direction: column;"
      />
    </div>
    <div>
      <svg
        fill="none"
        height="1em"
        viewBox="0 0 18 18"
        width="1em"
        xmlns="http://www.w3.org/2000/svg"
      >
        <path
          clip-rule="evenodd"
          d="M6.917 3.375c.916 0 1.666-.75 1.666-1.666 0-.917-.75-1.667-1.667-1.667C6 .042 5.25.792 5.25 1.709c0 .916.75 1.666 1.667 1.666zm5.825 6.875v1.459h4.591v1.25h-4.591v1.458l-2.076-2.083 2.075-2.084zm-2.076 5h4.592v-1.458l2.075 2.083-2.075 2.084V16.5h-4.591v-1.25zM1.5 17.96l2.292-11.75-1.459.625v2.791H.667V5.71l4.375-1.792c.208-.083.416-.125.625-.125.583 0 1.125.292 1.416.792l.792 1.333c.75 1.208 2.083 2.042 3.625 2.042v1.666A5.815 5.815 0 016.958 7.46l-.5 2.5 1.708 1.708v6.292H6.5v-5l-1.792-1.667-1.458 6.667H1.5z"
          fill-rule="evenodd"
        />
      </svg>
    </div>
  </body>,
  "container": <div>
    <svg
      fill="none"
      height="1em"
      viewBox="0 0 18 18"
      width="1em"
      xmlns="http://www.w3.org/2000/svg"
    >
      <path
        clip-rule="evenodd"
        d="M6.917 3.375c.916 0 1.666-.75 1.666-1.666 0-.917-.75-1.667-1.667-1.667C6 .042 5.25.792 5.25 1.709c0 .916.75 1.666 1.667 1.666zm5.825 6.875v1.459h4.591v1.25h-4.591v1.458l-2.076-2.083 2.075-2.084zm-2.076 5h4.592v-1.458l2.075 2.083-2.075 2.084V16.5h-4.591v-1.25zM1.5 17.96l2.292-11.75-1.459.625v2.791H.667V5.71l4.375-1.792c.208-.083.416-.125.625-.125.583 0 1.125.292 1.416.792l.792 1.333c.75 1.208 2.083 2.042 3.625 2.042v1.666A5.815 5.815 0 016.958 7.46l-.5 2.5 1.708 1.708v6.292H6.5v-5l-1.792-1.667-1.458 6.667H1.5z"
        fill-rule="evenodd"
      />
    </svg>
  </div>,
  "debug": [Function],
  "findAllByAltText": [Function],
  "findAllByDisplayValue": [Function],
  "findAllByLabelText": [Function],
  "findAllByPlaceholderText": [Function],
  "findAllByRole": [Function],
  "findAllByTestId": [Function],
  "findAllByText": [Function],
  "findAllByTitle": [Function],
  "findByAltText": [Function],
  "findByDisplayValue": [Function],
  "findByLabelText": [Function],
  "findByPlaceholderText": [Function],
  "findByRole": [Function],
  "findByTestId": [Function],
  "findByText": [Function],
  "findByTitle": [Function],
  "getAllByAltText": [Function],
  "getAllByDisplayValue": [Function],
  "getAllByLabelText": [Function],
  "getAllByPlaceholderText": [Function],
  "getAllByRole": [Function],
  "getAllByTestId": [Function],
  "getAllByText": [Function],
  "getAllByTitle": [Function],
  "getByAltText": [Function],
  "getByDisplayValue": [Function],
  "getByLabelText": [Function],
  "getByPlaceholderText": [Function],
  "getByRole": [Function],
  "getByTestId": [Function],
  "getByText": [Function],
  "getByTitle": [Function],
  "queryAllByAltText": [Function],
  "queryAllByDisplayValue": [Function],
  "queryAllByLabelText": [Function],
  "queryAllByPlaceholderText": [Function],
  "queryAllByRole": [Function],
  "queryAllByTestId": [Function],
  "queryAllByText": [Function],
  "queryAllByTitle": [Function],
  "queryByAltText": [Function],
  "queryByDisplayValue": [Function],
  "queryByLabelText": [Function],
  "queryByPlaceholderText": [Function],
  "queryByRole": [Function],
  "queryByTestId": [Function],
  "queryByText": [Function],
  "queryByTitle": [Function],
  "rerender": [Function],
  "unmount": [Function],
}
`;
