// Jest Snapshot v1, https://goo.gl/fbAQLP

exports[`UploadPhoto debe renderizarse el componente 1`] = `
Object {
  "asFragment": [Function],
  "baseElement": <body
    class="chakra-ui-light"
  >
    <div
      id="chakra-toast-portal"
    >
      <ul
        id="chakra-toast-manager-top"
        style="position: fixed; z-index: 5500; pointer-events: none; display: flex; flex-direction: column; margin: 0px auto;"
      />
      <ul
        id="chakra-toast-manager-top-left"
        style="position: fixed; z-index: 5500; pointer-events: none; display: flex; flex-direction: column;"
      />
      <ul
        id="chakra-toast-manager-top-right"
        style="position: fixed; z-index: 5500; pointer-events: none; display: flex; flex-direction: column;"
      />
      <ul
        id="chakra-toast-manager-bottom-left"
        style="position: fixed; z-index: 5500; pointer-events: none; display: flex; flex-direction: column;"
      />
      <ul
        id="chakra-toast-manager-bottom"
        style="position: fixed; z-index: 5500; pointer-events: none; display: flex; flex-direction: column; margin: 0px auto;"
      />
      <ul
        id="chakra-toast-manager-bottom-right"
        style="position: fixed; z-index: 5500; pointer-events: none; display: flex; flex-direction: column;"
      />
    </div>
    <div>
      <svg
        fill="none"
        height="1em"
        viewBox="0 0 25 25"
        width="1em"
        xmlns="http://www.w3.org/2000/svg"
      >
        <path
          d="M22.615 0H2.055A2.056 2.056 0 000 2.056v20.56a2.056 2.056 0 002.056 2.055h20.56a2.056 2.056 0 002.055-2.056V2.055A2.056 2.056 0 0022.615 0zm0 22.615H2.055v-6.168l5.14-5.14 5.747 5.747a2.056 2.056 0 002.899 0l1.634-1.635 5.14 5.14v2.056zm0-4.965l-3.69-3.69a2.056 2.056 0 00-2.9 0l-1.634 1.634-5.746-5.746a2.056 2.056 0 00-2.899 0l-3.69 3.69V2.056h20.56V17.65z"
          fill="#482F51"
        />
      </svg>
    </div>
  </body>,
  "container": <div>
    <svg
      fill="none"
      height="1em"
      viewBox="0 0 25 25"
      width="1em"
      xmlns="http://www.w3.org/2000/svg"
    >
      <path
        d="M22.615 0H2.055A2.056 2.056 0 000 2.056v20.56a2.056 2.056 0 002.056 2.055h20.56a2.056 2.056 0 002.055-2.056V2.055A2.056 2.056 0 0022.615 0zm0 22.615H2.055v-6.168l5.14-5.14 5.747 5.747a2.056 2.056 0 002.899 0l1.634-1.635 5.14 5.14v2.056zm0-4.965l-3.69-3.69a2.056 2.056 0 00-2.9 0l-1.634 1.634-5.746-5.746a2.056 2.056 0 00-2.899 0l-3.69 3.69V2.056h20.56V17.65z"
        fill="#482F51"
      />
    </svg>
  </div>,
  "debug": [Function],
  "findAllByAltText": [Function],
  "findAllByDisplayValue": [Function],
  "findAllByLabelText": [Function],
  "findAllByPlaceholderText": [Function],
  "findAllByRole": [Function],
  "findAllByTestId": [Function],
  "findAllByText": [Function],
  "findAllByTitle": [Function],
  "findByAltText": [Function],
  "findByDisplayValue": [Function],
  "findByLabelText": [Function],
  "findByPlaceholderText": [Function],
  "findByRole": [Function],
  "findByTestId": [Function],
  "findByText": [Function],
  "findByTitle": [Function],
  "getAllByAltText": [Function],
  "getAllByDisplayValue": [Function],
  "getAllByLabelText": [Function],
  "getAllByPlaceholderText": [Function],
  "getAllByRole": [Function],
  "getAllByTestId": [Function],
  "getAllByText": [Function],
  "getAllByTitle": [Function],
  "getByAltText": [Function],
  "getByDisplayValue": [Function],
  "getByLabelText": [Function],
  "getByPlaceholderText": [Function],
  "getByRole": [Function],
  "getByTestId": [Function],
  "getByText": [Function],
  "getByTitle": [Function],
  "queryAllByAltText": [Function],
  "queryAllByDisplayValue": [Function],
  "queryAllByLabelText": [Function],
  "queryAllByPlaceholderText": [Function],
  "queryAllByRole": [Function],
  "queryAllByTestId": [Function],
  "queryAllByText": [Function],
  "queryAllByTitle": [Function],
  "queryByAltText": [Function],
  "queryByDisplayValue": [Function],
  "queryByLabelText": [Function],
  "queryByPlaceholderText": [Function],
  "queryByRole": [Function],
  "queryByTestId": [Function],
  "queryByText": [Function],
  "queryByTitle": [Function],
  "rerender": [Function],
  "unmount": [Function],
}
`;
