// Jest Snapshot v1, https://goo.gl/fbAQLP

exports[`GetStarted debe renderizarse el componente 1`] = `
Object {
  "asFragment": [Function],
  "baseElement": <body
    class="chakra-ui-light"
  >
    <div
      id="chakra-toast-portal"
    >
      <ul
        id="chakra-toast-manager-top"
        style="position: fixed; z-index: 5500; pointer-events: none; display: flex; flex-direction: column; margin: 0px auto;"
      />
      <ul
        id="chakra-toast-manager-top-left"
        style="position: fixed; z-index: 5500; pointer-events: none; display: flex; flex-direction: column;"
      />
      <ul
        id="chakra-toast-manager-top-right"
        style="position: fixed; z-index: 5500; pointer-events: none; display: flex; flex-direction: column;"
      />
      <ul
        id="chakra-toast-manager-bottom-left"
        style="position: fixed; z-index: 5500; pointer-events: none; display: flex; flex-direction: column;"
      />
      <ul
        id="chakra-toast-manager-bottom"
        style="position: fixed; z-index: 5500; pointer-events: none; display: flex; flex-direction: column; margin: 0px auto;"
      />
      <ul
        id="chakra-toast-manager-bottom-right"
        style="position: fixed; z-index: 5500; pointer-events: none; display: flex; flex-direction: column;"
      />
    </div>
    <div>
      <div
        class="infoContainer"
      >
        <div
          class="infoWrapper"
        >
          <div
            class="infoRowNoInvert"
          >
            <div
              class="css-1jhtigs"
            >
              <div
                class="css-1qp29ss"
              >
                <p
                  class="chakra-text bold600 css-1nypnod"
                >
                  ¡Empieza a publicar hoy!
                </p>
                <p
                  class="chakra-text css-mcpu91"
                >
                  Son mas de 2000 personas registradas que como tú ya han publicado su servicio y se encuentran laborando. ¡Qué esperas para unirte y publicar hoy tu primer anuncio!
                </p>
                <a
                  href="/publicar/nuevo_post"
                >
                  <button
                    class="chakra-button css-x6w309"
                    type="button"
                  >
                    Publicar
                  </button>
                </a>
              </div>
            </div>
            <div
              class="css-1i40juj"
            >
              <div
                style="display: inline-block; max-width: 100%; overflow: hidden; position: relative; box-sizing: border-box; margin: 0px;"
              >
                <div
                  style="box-sizing: border-box; display: block; max-width: 100%;"
                >
                  <img
                    alt=""
                    aria-hidden="true"
                    role="presentation"
                    src="data:image/svg+xml;base64,PHN2ZyB3aWR0aD0iNTAwIiBoZWlnaHQ9IjUwMCIgeG1sbnM9Imh0dHA6Ly93d3cudzMub3JnLzIwMDAvc3ZnIiB2ZXJzaW9uPSIxLjEiLz4="
                    style="max-width: 100%; display: block; margin: 0px; padding: 0px;"
                  />
                </div>
                <noscript />
                <img
                  alt="OurCategories"
                  decoding="async"
                  src="data:image/gif;base64,R0lGODlhAQABAIAAAAAAAP///yH5BAEAAAAALAAAAAABAAEAAAIBRAA7"
                  style="position: absolute; top: 0px; left: 0px; bottom: 0px; right: 0px; box-sizing: border-box; padding: 0px; margin: auto; display: block; width: 0px; height: 0px; min-width: 100%; max-width: 100%; min-height: 100%; max-height: 100%;"
                />
              </div>
            </div>
          </div>
        </div>
      </div>
    </div>
  </body>,
  "container": <div>
    <div
      class="infoContainer"
    >
      <div
        class="infoWrapper"
      >
        <div
          class="infoRowNoInvert"
        >
          <div
            class="css-1jhtigs"
          >
            <div
              class="css-1qp29ss"
            >
              <p
                class="chakra-text bold600 css-1nypnod"
              >
                ¡Empieza a publicar hoy!
              </p>
              <p
                class="chakra-text css-mcpu91"
              >
                Son mas de 2000 personas registradas que como tú ya han publicado su servicio y se encuentran laborando. ¡Qué esperas para unirte y publicar hoy tu primer anuncio!
              </p>
              <a
                href="/publicar/nuevo_post"
              >
                <button
                  class="chakra-button css-x6w309"
                  type="button"
                >
                  Publicar
                </button>
              </a>
            </div>
          </div>
          <div
            class="css-1i40juj"
          >
            <div
              style="display: inline-block; max-width: 100%; overflow: hidden; position: relative; box-sizing: border-box; margin: 0px;"
            >
              <div
                style="box-sizing: border-box; display: block; max-width: 100%;"
              >
                <img
                  alt=""
                  aria-hidden="true"
                  role="presentation"
                  src="data:image/svg+xml;base64,PHN2ZyB3aWR0aD0iNTAwIiBoZWlnaHQ9IjUwMCIgeG1sbnM9Imh0dHA6Ly93d3cudzMub3JnLzIwMDAvc3ZnIiB2ZXJzaW9uPSIxLjEiLz4="
                  style="max-width: 100%; display: block; margin: 0px; padding: 0px;"
                />
              </div>
              <noscript />
              <img
                alt="OurCategories"
                decoding="async"
                src="data:image/gif;base64,R0lGODlhAQABAIAAAAAAAP///yH5BAEAAAAALAAAAAABAAEAAAIBRAA7"
                style="position: absolute; top: 0px; left: 0px; bottom: 0px; right: 0px; box-sizing: border-box; padding: 0px; margin: auto; display: block; width: 0px; height: 0px; min-width: 100%; max-width: 100%; min-height: 100%; max-height: 100%;"
              />
            </div>
          </div>
        </div>
      </div>
    </div>
  </div>,
  "debug": [Function],
  "findAllByAltText": [Function],
  "findAllByDisplayValue": [Function],
  "findAllByLabelText": [Function],
  "findAllByPlaceholderText": [Function],
  "findAllByRole": [Function],
  "findAllByTestId": [Function],
  "findAllByText": [Function],
  "findAllByTitle": [Function],
  "findByAltText": [Function],
  "findByDisplayValue": [Function],
  "findByLabelText": [Function],
  "findByPlaceholderText": [Function],
  "findByRole": [Function],
  "findByTestId": [Function],
  "findByText": [Function],
  "findByTitle": [Function],
  "getAllByAltText": [Function],
  "getAllByDisplayValue": [Function],
  "getAllByLabelText": [Function],
  "getAllByPlaceholderText": [Function],
  "getAllByRole": [Function],
  "getAllByTestId": [Function],
  "getAllByText": [Function],
  "getAllByTitle": [Function],
  "getByAltText": [Function],
  "getByDisplayValue": [Function],
  "getByLabelText": [Function],
  "getByPlaceholderText": [Function],
  "getByRole": [Function],
  "getByTestId": [Function],
  "getByText": [Function],
  "getByTitle": [Function],
  "queryAllByAltText": [Function],
  "queryAllByDisplayValue": [Function],
  "queryAllByLabelText": [Function],
  "queryAllByPlaceholderText": [Function],
  "queryAllByRole": [Function],
  "queryAllByTestId": [Function],
  "queryAllByText": [Function],
  "queryAllByTitle": [Function],
  "queryByAltText": [Function],
  "queryByDisplayValue": [Function],
  "queryByLabelText": [Function],
  "queryByPlaceholderText": [Function],
  "queryByRole": [Function],
  "queryByTestId": [Function],
  "queryByText": [Function],
  "queryByTitle": [Function],
  "rerender": [Function],
  "unmount": [Function],
}
`;

exports[`JoinUs debe renderizarse el componente 1`] = `
Object {
  "asFragment": [Function],
  "baseElement": <body
    class="chakra-ui-light"
  >
    <div
      id="chakra-toast-portal"
    >
      <ul
        id="chakra-toast-manager-top"
        style="position: fixed; z-index: 5500; pointer-events: none; display: flex; flex-direction: column; margin: 0px auto;"
      />
      <ul
        id="chakra-toast-manager-top-left"
        style="position: fixed; z-index: 5500; pointer-events: none; display: flex; flex-direction: column;"
      />
      <ul
        id="chakra-toast-manager-top-right"
        style="position: fixed; z-index: 5500; pointer-events: none; display: flex; flex-direction: column;"
      />
      <ul
        id="chakra-toast-manager-bottom-left"
        style="position: fixed; z-index: 5500; pointer-events: none; display: flex; flex-direction: column;"
      />
      <ul
        id="chakra-toast-manager-bottom"
        style="position: fixed; z-index: 5500; pointer-events: none; display: flex; flex-direction: column; margin: 0px auto;"
      />
      <ul
        id="chakra-toast-manager-bottom-right"
        style="position: fixed; z-index: 5500; pointer-events: none; display: flex; flex-direction: column;"
      />
    </div>
    <div>
      <div
        class="infoContainer"
      >
        <div
          class="infoWrapper"
        >
          <div
            class="infoRowNoInvert"
          >
            <div
              class="css-1jhtigs"
            >
              <div
                class="css-1qp29ss"
              >
                <p
                  class="chakra-text bold600 css-1nypnod"
                >
                  ¡Empieza a publicar hoy!
                </p>
                <p
                  class="chakra-text css-mcpu91"
                >
                  Son mas de 2000 personas registradas que como tú ya han publicado su servicio y se encuentran laborando. ¡Qué esperas para unirte y publicar hoy tu primer anuncio!
                </p>
                <a
                  href="/publicar/nuevo_post"
                >
                  <button
                    class="chakra-button css-x6w309"
                    type="button"
                  >
                    Publicar
                  </button>
                </a>
              </div>
            </div>
            <div
              class="css-1i40juj"
            >
              <div
                style="display: inline-block; max-width: 100%; overflow: hidden; position: relative; box-sizing: border-box; margin: 0px;"
              >
                <div
                  style="box-sizing: border-box; display: block; max-width: 100%;"
                >
                  <img
                    alt=""
                    aria-hidden="true"
                    role="presentation"
                    src="data:image/svg+xml;base64,PHN2ZyB3aWR0aD0iNTAwIiBoZWlnaHQ9IjUwMCIgeG1sbnM9Imh0dHA6Ly93d3cudzMub3JnLzIwMDAvc3ZnIiB2ZXJzaW9uPSIxLjEiLz4="
                    style="max-width: 100%; display: block; margin: 0px; padding: 0px;"
                  />
                </div>
                <noscript />
                <img
                  alt="OurCategories"
                  decoding="async"
                  src="data:image/gif;base64,R0lGODlhAQABAIAAAAAAAP///yH5BAEAAAAALAAAAAABAAEAAAIBRAA7"
                  style="position: absolute; top: 0px; left: 0px; bottom: 0px; right: 0px; box-sizing: border-box; padding: 0px; margin: auto; display: block; width: 0px; height: 0px; min-width: 100%; max-width: 100%; min-height: 100%; max-height: 100%;"
                />
              </div>
            </div>
          </div>
        </div>
      </div>
    </div>
  </body>,
  "container": <div>
    <div
      class="infoContainer"
    >
      <div
        class="infoWrapper"
      >
        <div
          class="infoRowNoInvert"
        >
          <div
            class="css-1jhtigs"
          >
            <div
              class="css-1qp29ss"
            >
              <p
                class="chakra-text bold600 css-1nypnod"
              >
                ¡Empieza a publicar hoy!
              </p>
              <p
                class="chakra-text css-mcpu91"
              >
                Son mas de 2000 personas registradas que como tú ya han publicado su servicio y se encuentran laborando. ¡Qué esperas para unirte y publicar hoy tu primer anuncio!
              </p>
              <a
                href="/publicar/nuevo_post"
              >
                <button
                  class="chakra-button css-x6w309"
                  type="button"
                >
                  Publicar
                </button>
              </a>
            </div>
          </div>
          <div
            class="css-1i40juj"
          >
            <div
              style="display: inline-block; max-width: 100%; overflow: hidden; position: relative; box-sizing: border-box; margin: 0px;"
            >
              <div
                style="box-sizing: border-box; display: block; max-width: 100%;"
              >
                <img
                  alt=""
                  aria-hidden="true"
                  role="presentation"
                  src="data:image/svg+xml;base64,PHN2ZyB3aWR0aD0iNTAwIiBoZWlnaHQ9IjUwMCIgeG1sbnM9Imh0dHA6Ly93d3cudzMub3JnLzIwMDAvc3ZnIiB2ZXJzaW9uPSIxLjEiLz4="
                  style="max-width: 100%; display: block; margin: 0px; padding: 0px;"
                />
              </div>
              <noscript />
              <img
                alt="OurCategories"
                decoding="async"
                src="data:image/gif;base64,R0lGODlhAQABAIAAAAAAAP///yH5BAEAAAAALAAAAAABAAEAAAIBRAA7"
                style="position: absolute; top: 0px; left: 0px; bottom: 0px; right: 0px; box-sizing: border-box; padding: 0px; margin: auto; display: block; width: 0px; height: 0px; min-width: 100%; max-width: 100%; min-height: 100%; max-height: 100%;"
              />
            </div>
          </div>
        </div>
      </div>
    </div>
  </div>,
  "debug": [Function],
  "findAllByAltText": [Function],
  "findAllByDisplayValue": [Function],
  "findAllByLabelText": [Function],
  "findAllByPlaceholderText": [Function],
  "findAllByRole": [Function],
  "findAllByTestId": [Function],
  "findAllByText": [Function],
  "findAllByTitle": [Function],
  "findByAltText": [Function],
  "findByDisplayValue": [Function],
  "findByLabelText": [Function],
  "findByPlaceholderText": [Function],
  "findByRole": [Function],
  "findByTestId": [Function],
  "findByText": [Function],
  "findByTitle": [Function],
  "getAllByAltText": [Function],
  "getAllByDisplayValue": [Function],
  "getAllByLabelText": [Function],
  "getAllByPlaceholderText": [Function],
  "getAllByRole": [Function],
  "getAllByTestId": [Function],
  "getAllByText": [Function],
  "getAllByTitle": [Function],
  "getByAltText": [Function],
  "getByDisplayValue": [Function],
  "getByLabelText": [Function],
  "getByPlaceholderText": [Function],
  "getByRole": [Function],
  "getByTestId": [Function],
  "getByText": [Function],
  "getByTitle": [Function],
  "queryAllByAltText": [Function],
  "queryAllByDisplayValue": [Function],
  "queryAllByLabelText": [Function],
  "queryAllByPlaceholderText": [Function],
  "queryAllByRole": [Function],
  "queryAllByTestId": [Function],
  "queryAllByText": [Function],
  "queryAllByTitle": [Function],
  "queryByAltText": [Function],
  "queryByDisplayValue": [Function],
  "queryByLabelText": [Function],
  "queryByPlaceholderText": [Function],
  "queryByRole": [Function],
  "queryByTestId": [Function],
  "queryByText": [Function],
  "queryByTitle": [Function],
  "rerender": [Function],
  "unmount": [Function],
}
`;
